// Jest Snapshot v1, https://goo.gl/fbAQLP

exports[`Create Details snapshot Should correctly render Main 1`] = `
<div
  className="movie-card__text movie-card__row"
>
  <div
    className="movie-card__text-col"
  >
    <p
      className="movie-card__details-item"
    >
      <strong
        className="movie-card__details-name"
      >
        Director
      </strong>
      <span
        className="movie-card__details-value"
      >
        Timati
      </span>
    </p>
    <p
      className="movie-card__details-item"
    >
      <strong
        className="movie-card__details-name"
      >
        Starring
      </strong>
      <span
        className="movie-card__details-value"
      >
        Timati
         
        <br />
        Goof
         
        <br />
        Bill Murray
         
        <br />
        Edward Norton
         
        <br />
        Jude Law
         
        <br />
        Willem Dafoe
         
        <br />
        Saoirse Ronan
         
        <br />
        Tony Revoloru
         
        <br />
        Tilda Swinton
         
        <br />
        Tom Wilkinson
         
        <br />
        Owen Wilkinson
         
        <br />
        Adrien Brody
         
        <br />
        Ralph Fiennes
         
        <br />
        Jeff Goldblum
         
        <br />
      </span>
    </p>
  </div>
  <div
    className="movie-card__text-col"
  >
    <p
      className="movie-card__details-item"
    >
      <strong
        className="movie-card__details-name"
      >
        Run Time
      </strong>
      <span
        className="movie-card__details-value"
      >
        1h 23m
      </span>
    </p>
    <p
      className="movie-card__details-item"
    >
      <strong
        className="movie-card__details-name"
      >
        Genre
      </strong>
      <span
        className="movie-card__details-value"
      >
        Fighter
      </span>
    </p>
    <p
      className="movie-card__details-item"
    >
      <strong
        className="movie-card__details-name"
      >
        Released
      </strong>
      <span
        className="movie-card__details-value"
      >
        1994
      </span>
    </p>
  </div>
</div>
`;
