// Jest Snapshot v1, https://goo.gl/fbAQLP

exports[`Create MovieCard snapshot MovieCard should correctly render 1`] = `
<article
  className="small-movie-card catalog__movies-card"
  onMouseEnter={[Function]}
  onMouseOut={[Function]}
>
  <div
    className="small-movie-card__image"
    onClick={[Function]}
  >
    <video
      aria-label="The Grand Budapest Hotel movie preview"
      height="175"
      muted={true}
      poster="img/the-grand-budapest-hotel.jpg"
      preload="none"
      width="280"
    >
      <source
        src="https://download.blender.org/durian/trailer/sintel_trailer-480p.mp4"
        type="video/mp4"
      />
    </video>
  </div>
  <h3
    className="small-movie-card__title"
  >
    <a
      className="small-movie-card__link"
      href="movie-page.html"
      onClick={[Function]}
    >
      The Grand Budapest Hotel
    </a>
  </h3>
</article>
`;
