// Jest Snapshot v1, https://goo.gl/fbAQLP

exports[`Create Overview snapshot Should correctly render Main 1`] = `
Array [
  <div
    className="movie-rating"
  >
    <div
      className="movie-rating__score"
    >
      0.6
    </div>
    <p
      className="movie-rating__meta"
    >
      <span
        className="movie-rating__level"
      >
        Very good
      </span>
      <span
        className="movie-rating__count"
      >
        74
      </span>
    </p>
  </div>,
  <div
    className="movie-card__text"
  >
    <p>
      Это жёсткий город - своя шкала контрастов.
Купеческая Мекка, государство в государстве.
Тот самый город, что не проводит гей-парады.
Тот самый город - профицит которого ярды.

Плитка сыпется с небес, тебе нравится.
Эти штрафы и от них не избавиться.
Патриаршие и пруды, центр варится.
Рейды на Садовом. Ночь. Снова пятница.

В пятом поколении коренной москвич.
Не хожу на митинги и не втираю дичь.
Помню этот город пятнадцать лет назад -
Отвечаю, он щас мировой стандарт.

Квинтэссенция интеллигентов и джамшутов.
Здесь комерсы выходят в окна без парашюта.
Пешком с Арбата и до площади Гагарина -
Там хлопну бургер за здоровье Собянина.
    </p>
    <p
      className="movie-card__director"
    >
      <strong>
        Director: 
        Timati
      </strong>
    </p>
    <p
      className="movie-card__starring"
    >
      <strong>
        Starring: 
        Timati, Goof, Bill Murray, Edward Norton, Jude Law, Willem Dafoe, Saoirse Ronan, Tony Revoloru, Tilda Swinton, Tom Wilkinson, Owen Wilkinson, Adrien Brody, Ralph Fiennes, Jeff Goldblum
      </strong>
    </p>
  </div>,
]
`;
